[owl-alpha] checkpoint=0
  OK tier1 3DES_0001_openssl.bin: GT=3DES PRED=3DES (4.5s)
  OK tier1 3DES_0002_openssl.bin: GT=3DES PRED=3DES (2.0s)
  OK tier1 3DES_0003_pycryptodome.bin: GT=3DES PRED=3DES (1.7s)
  OK tier1 3DES_0004_pycryptodome.bin: GT=3DES PRED=3DES (2.2s)
  OK tier1 3DES_0005_openssl.bin: GT=3DES PRED=3DES (3.4s)
  OK tier1 3DES_0006_pycryptodome.bin: GT=3DES PRED=3DES (2.1s)
  OK tier1 3DES_0007_openssl.bin: GT=3DES PRED=3DES (2.0s)
  OK tier1 3DES_0008_pycryptodome.bin: GT=3DES PRED=3DES (2.5s)
  OK tier1 3DES_0009_openssl.bin: GT=3DES PRED=3DES (2.3s)
  OK tier1 3DES_0010_pycryptodome.bin: GT=3DES PRED=3DES (2.4s)
  OK tier1 3DES_0011_pycryptodome.bin: GT=3DES PRED=3DES (3.1s)
  OK tier1 3DES_0012_openssl.bin: GT=3DES PRED=3DES (2.1s)
  OK tier1 3DES_0013_openssl.bin: GT=3DES PRED=3DES (1.8s)
  OK tier1 3DES_0014_openssl.bin: GT=3DES PRED=3DES (3.6s)
  OK tier1 3DES_0015_pycryptodome.bin: GT=3DES PRED=3DES (2.6s)
  OK tier1 3DES_0016_openssl.bin: GT=3DES PRED=3DES (2.4s)
     tier1 3DES_0017_openssl.bin: GT=3DES PRED=DES (5.4s)
  OK tier1 3DES_0018_pycryptodome.bin: GT=3DES PRED=3DES (3.6s)
  OK tier1 3DES_0019_pycryptodome.bin: GT=3DES PRED=3DES (2.2s)
  OK tier1 3DES_0020_openssl.bin: GT=3DES PRED=3DES (1.8s)
  OK tier1 AES-128_0001_openssl.bin: GT=AES-128 PRED=AES-128 (3.2s)
  OK tier1 AES-128_0002_pycryptodome.bin: GT=AES-128 PRED=AES-128 (3.2s)
  OK tier1 AES-128_0003_pycryptodome.bin: GT=AES-128 PRED=AES-128 (1.8s)
  OK tier1 AES-128_0004_openssl.bin: GT=AES-128 PRED=AES-128 (24.9s)
  OK tier1 AES-128_0005_openssl.bin: GT=AES-128 PRED=AES-128 (2.0s)
  OK tier1 AES-128_0006_pycryptodome.bin: GT=AES-128 PRED=AES-128 (2.0s)
  OK tier1 AES-128_0007_pycryptodome.bin: GT=AES-128 PRED=AES-128 (1.7s)
  OK tier1 AES-128_0008_pycryptodome.bin: GT=AES-128 PRED=AES-128 (2.5s)
  OK tier1 AES-128_0009_openssl.bin: GT=AES-128 PRED=AES-128 (2.4s)
  OK tier1 AES-128_0010_openssl.bin: GT=AES-128 PRED=AES-128 (2.6s)
  OK tier1 AES-128_0011_pycryptodome.bin: GT=AES-128 PRED=AES-128 (2.7s)
  OK tier1 AES-128_0012_pycryptodome.bin: GT=AES-128 PRED=AES-128 (6.1s)
  OK tier1 AES-128_0013_openssl.bin: GT=AES-128 PRED=AES-128 (6.4s)
  OK tier1 AES-128_0014_openssl.bin: GT=AES-128 PRED=AES-128 (4.1s)
  OK tier1 AES-128_0015_pycryptodome.bin: GT=AES-128 PRED=AES-128 (2.8s)
  OK tier1 AES-128_0016_openssl.bin: GT=AES-128 PRED=AES-128 (2.5s)
  OK tier1 AES-128_0017_pycryptodome.bin: GT=AES-128 PRED=AES-128 (2.9s)
  OK tier1 AES-128_0018_openssl.bin: GT=AES-128 PRED=AES-128 (3.3s)
  OK tier1 AES-128_0019_pycryptodome.bin: GT=AES-128 PRED=AES-128 (2.1s)
  OK tier1 AES-128_0020_pycryptodome.bin: GT=AES-128 PRED=AES-128 (2.4s)
  OK tier1 AES-256_0001_openssl.bin: GT=AES-256 PRED=AES-256 (3.4s)
     tier1 AES-256_0002_openssl.bin: GT=AES-256 PRED=AES-128 (1.9s)
  OK tier1 AES-256_0003_openssl.bin: GT=AES-256 PRED=AES-256 (4.9s)
     tier1 AES-256_0004_openssl.bin: GT=AES-256 PRED=AES-128 (1.5s)
     tier1 AES-256_0005_openssl.bin: GT=AES-256 PRED=AES-128 (1.9s)
     tier1 AES-256_0006_openssl.bin: GT=AES-256 PRED=AES-128 (5.2s)
     tier1 AES-256_0007_pycryptodome.bin: GT=AES-256 PRED=AES-128 (4.2s)
     tier1 AES-256_0008_pycryptodome.bin: GT=AES-256 PRED=AES-128 (3.4s)
     tier1 AES-256_0009_openssl.bin: GT=AES-256 PRED=AES-128 (1.8s)
     tier1 AES-256_0010_openssl.bin: GT=AES-256 PRED=AES-128 (5.2s)
     tier1 AES-256_0011_pycryptodome.bin: GT=AES-256 PRED=AES-128 (1.8s)
     tier1 AES-256_0012_pycryptodome.bin: GT=AES-256 PRED=AES-128 (2.3s)
     tier1 AES-256_0013_openssl.bin: GT=AES-256 PRED=AES-128 (1.8s)
     tier1 AES-256_0014_openssl.bin: GT=AES-256 PRED=AES-128 (5.8s)
     tier1 AES-256_0015_openssl.bin: GT=AES-256 PRED=AES-128 (2.2s)
     tier1 AES-256_0016_pycryptodome.bin: GT=AES-256 PRED=AES-128 (2.0s)
     tier1 AES-256_0017_openssl.bin: GT=AES-256 PRED=AES-128 (2.2s)
     tier1 AES-256_0018_openssl.bin: GT=AES-256 PRED=AES-128 (4.3s)
     tier1 AES-256_0019_pycryptodome.bin: GT=AES-256 PRED=AES-128 (3.6s)
     tier1 AES-256_0020_pycryptodome.bin: GT=AES-256 PRED=AES-128 (5.5s)
  OK tier1 ChaCha20_0002_pycryptodome.bin: GT=ChaCha20 PRED=ChaCha20 (53.4s)
  OK tier1 ChaCha20_0003_openssl.bin: GT=ChaCha20 PRED=ChaCha20 (3.3s)
  OK tier1 ChaCha20_0004_pycryptodome.bin: GT=ChaCha20 PRED=ChaCha20 (4.1s)
  OK tier1 ChaCha20_0005_openssl.bin: GT=ChaCha20 PRED=ChaCha20 (2.9s)
  OK tier1 ChaCha20_0006_pycryptodome.bin: GT=ChaCha20 PRED=ChaCha20 (2.4s)
  OK tier1 ChaCha20_0007_pycryptodome.bin: GT=ChaCha20 PRED=ChaCha20 (2.3s)
  OK tier1 ChaCha20_0009_pycryptodome.bin: GT=ChaCha20 PRED=ChaCha20 (2.3s)
  OK tier1 ChaCha20_0010_pycryptodome.bin: GT=ChaCha20 PRED=ChaCha20 (2.9s)
  OK tier1 ChaCha20_0012_openssl.bin: GT=ChaCha20 PRED=ChaCha20 (2.3s)
  OK tier1 ChaCha20_0013_pycryptodome.bin: GT=ChaCha20 PRED=ChaCha20 (4.6s)
  OK tier1 ChaCha20_0014_openssl.bin: GT=ChaCha20 PRED=ChaCha20 (2.3s)
