[minimax-m3] Checkpoint: 293 results in minimax_m3_all_v2_final.jsonl
  ✅ tier3 3DES_0014_openssl.bin: GT=3DES PRED=3DES (116.6s)
  ❌ tier3 3DES_0015_pycryptodome.bin: GT=3DES PRED=UNKNOWN (128.8s)
  ❌ tier3 3DES_0016_openssl.bin: GT=3DES PRED=ChaCha20 (86.5s)
  ❌ tier3 3DES_0017_openssl.bin: GT=3DES PRED=ChaCha20 (122.0s)
  ❌ tier3 3DES_0018_pycryptodome.bin: GT=3DES PRED=UNKNOWN (141.2s)
  ❌ tier3 3DES_0019_pycryptodome.bin: GT=3DES PRED=UNKNOWN (151.4s)
  ❌ tier3 3DES_0020_openssl.bin: GT=3DES PRED=ML-KEM-768 (141.5s)
  ❌ tier3 AES-128_0001_openssl.bin: GT=AES-128 PRED=UNKNOWN (141.4s)
  ❌ tier3 AES-128_0002_pycryptodome.bin: GT=AES-128 PRED=AES-256 (152.3s)
  ❌ tier3 AES-128_0003_pycryptodome.bin: GT=AES-128 PRED=UNKNOWN (148.8s)
  ✅ tier3 AES-128_0004_openssl.bin: GT=AES-128 PRED=AES-128 (71.3s)
  ❌ tier3 AES-128_0005_openssl.bin: GT=AES-128 PRED=AES-256 (85.4s)
  ✅ tier3 AES-128_0006_pycryptodome.bin: GT=AES-128 PRED=AES-128 (97.1s)
  ❌ tier3 AES-128_0007_pycryptodome.bin: GT=AES-128 PRED=3DES (65.2s)
  ❌ tier3 AES-128_0008_pycryptodome.bin: GT=AES-128 PRED=UNKNOWN (145.5s)
  ❌ tier3 AES-128_0009_openssl.bin: GT=AES-128 PRED=UNKNOWN (163.9s)
  ✅ tier3 AES-128_0010_openssl.bin: GT=AES-128 PRED=AES-128 (94.7s)
  ❌ tier3 AES-128_0011_pycryptodome.bin: GT=AES-128 PRED=UNKNOWN (138.1s)
  ✅ tier3 AES-128_0012_pycryptodome.bin: GT=AES-128 PRED=AES-128 (147.4s)
  ❌ tier3 AES-128_0013_openssl.bin: GT=AES-128 PRED=3DES (130.8s)
    ⏳ 429, retry in 11s (attempt 1/5)
    ⏳ 429, retry in 21s (attempt 2/5)
    ⏳ 429, retry in 41s (attempt 3/5)
    ⏳ 429, retry in 81s (attempt 4/5)
    ⏳ 429, retry in 120s (attempt 5/5)
  ❌ tier3 AES-128_0014_openssl.bin: GT=AES-128 PRED=UNKNOWN (0.2s) ERROR:HTTP 429: Too Many Requests | {"error":"you (youssefhamdi329
    ⏳ 429, retry in 11s (attempt 1/5)
    ⏳ 429, retry in 21s (attempt 2/5)
    ⏳ 429, retry in 41s (attempt 3/5)
    ⏳ 429, retry in 81s (attempt 4/5)
    ⏳ 429, retry in 120s (attempt 5/5)
  ❌ tier3 AES-128_0015_pycryptodome.bin: GT=AES-128 PRED=UNKNOWN (0.5s) ERROR:HTTP 429: Too Many Requests | {"error":"you (youssefhamdi329
    ⏳ 429, retry in 11s (attempt 1/5)
    ⏳ 429, retry in 21s (attempt 2/5)
    ⏳ 429, retry in 41s (attempt 3/5)
    ⏳ 429, retry in 81s (attempt 4/5)
    ⏳ 429, retry in 120s (attempt 5/5)
  ❌ tier3 AES-128_0016_openssl.bin: GT=AES-128 PRED=UNKNOWN (0.2s) ERROR:HTTP 429: Too Many Requests | {"error":"you (youssefhamdi329
    ⏳ 429, retry in 11s (attempt 1/5)
    ⏳ 429, retry in 21s (attempt 2/5)
    ⏳ 429, retry in 41s (attempt 3/5)
    ⏳ 429, retry in 81s (attempt 4/5)
    ⏳ 429, retry in 120s (attempt 5/5)
  ❌ tier3 AES-128_0017_pycryptodome.bin: GT=AES-128 PRED=UNKNOWN (0.2s) ERROR:HTTP 429: Too Many Requests | {"error":"you (youssefhamdi329
    ⏳ 429, retry in 11s (attempt 1/5)
    ⏳ 429, retry in 21s (attempt 2/5)
    ⏳ 429, retry in 41s (attempt 3/5)
    ⏳ 429, retry in 81s (attempt 4/5)
    ⏳ 429, retry in 120s (attempt 5/5)
  ❌ tier3 AES-128_0018_openssl.bin: GT=AES-128 PRED=UNKNOWN (0.2s) ERROR:HTTP 429: Too Many Requests | {"error":"you (youssefhamdi329
    ⏳ 429, retry in 11s (attempt 1/5)
    ⏳ 429, retry in 21s (attempt 2/5)
    ⏳ 429, retry in 41s (attempt 3/5)
    ⏳ 429, retry in 81s (attempt 4/5)
    ⏳ 429, retry in 120s (attempt 5/5)
  ❌ tier3 AES-128_0019_pycryptodome.bin: GT=AES-128 PRED=UNKNOWN (0.2s) ERROR:HTTP 429: Too Many Requests | {"error":"you (youssefhamdi329
    ⏳ 429, retry in 11s (attempt 1/5)
    ⏳ 429, retry in 21s (attempt 2/5)
    ⏳ 429, retry in 41s (attempt 3/5)
    ⏳ 429, retry in 81s (attempt 4/5)
    ⏳ 429, retry in 120s (attempt 5/5)
  ❌ tier3 AES-128_0020_pycryptodome.bin: GT=AES-128 PRED=UNKNOWN (0.3s) ERROR:HTTP 429: Too Many Requests | {"error":"you (youssefhamdi329
    ⏳ 429, retry in 11s (attempt 1/5)
    ⏳ 429, retry in 21s (attempt 2/5)
    ⏳ 429, retry in 41s (attempt 3/5)
    ⏳ 429, retry in 81s (attempt 4/5)
    ⏳ 429, retry in 120s (attempt 5/5)
  ❌ tier3 AES-256_0001_openssl.bin: GT=AES-256 PRED=UNKNOWN (0.3s) ERROR:HTTP 429: Too Many Requests | {"error":"you (youssefhamdi329
    ⏳ 429, retry in 11s (attempt 1/5)
    ⏳ 429, retry in 21s (attempt 2/5)
    ⏳ 429, retry in 41s (attempt 3/5)
    ⏳ 429, retry in 81s (attempt 4/5)
    ⏳ 429, retry in 120s (attempt 5/5)
  ❌ tier3 AES-256_0002_openssl.bin: GT=AES-256 PRED=UNKNOWN (0.3s) ERROR:HTTP 429: Too Many Requests | {"error":"you (youssefhamdi329
    ⏳ 429, retry in 11s (attempt 1/5)
    ⏳ 429, retry in 21s (attempt 2/5)
    ⏳ 429, retry in 41s (attempt 3/5)
    ⏳ 429, retry in 81s (attempt 4/5)
  ✅ tier3 AES-256_0003_openssl.bin: GT=AES-256 PRED=AES-256 (79.3s)
  ❌ tier3 AES-256_0004_openssl.bin: GT=AES-256 PRED=AES-128 (123.9s)
  ❌ tier3 AES-256_0005_openssl.bin: GT=AES-256 PRED=AES-128 (111.2s)
  ❌ tier3 AES-256_0006_openssl.bin: GT=AES-256 PRED=AES-128 (236.9s)
  ❌ tier3 AES-256_0007_pycryptodome.bin: GT=AES-256 PRED=RSA-2048 (157.9s)
  ❌ tier3 AES-256_0008_pycryptodome.bin: GT=AES-256 PRED=UNKNOWN (153.2s)
  ❌ tier3 AES-256_0009_openssl.bin: GT=AES-256 PRED=AES-128 (154.3s)
  ❌ tier3 AES-256_0010_openssl.bin: GT=AES-256 PRED=AES-128 (111.8s)
  ❌ tier3 AES-256_0011_pycryptodome.bin: GT=AES-256 PRED=UNKNOWN (153.1s)
  ❌ tier3 AES-256_0012_pycryptodome.bin: GT=AES-256 PRED=ChaCha20 (175.7s)
  ❌ tier3 AES-256_0013_openssl.bin: GT=AES-256 PRED=3DES (148.8s)
  ❌ tier3 AES-256_0014_openssl.bin: GT=AES-256 PRED=UNKNOWN (163.1s)
  ❌ tier3 AES-256_0015_openssl.bin: GT=AES-256 PRED=AES-128 (117.9s)
  ❌ tier3 AES-256_0016_pycryptodome.bin: GT=AES-256 PRED=AES-128 (95.7s)
  ✅ tier3 AES-256_0017_openssl.bin: GT=AES-256 PRED=AES-256 (124.9s)
  ✅ tier3 AES-256_0018_openssl.bin: GT=AES-256 PRED=AES-256 (118.8s)
  ❌ tier3 AES-256_0019_pycryptodome.bin: GT=AES-256 PRED=AES-128 (126.8s)
  ❌ tier3 AES-256_0020_pycryptodome.bin: GT=AES-256 PRED=RSA-2048 (146.5s)
  ❌ tier3 ChaCha20_0001_openssl.bin: GT=ChaCha20 PRED=AES-128 (119.0s)
  ❌ tier3 ChaCha20_0002_pycryptodome.bin: GT=ChaCha20 PRED=RSA-2048 (125.1s)
  ❌ tier3 ChaCha20_0003_openssl.bin: GT=ChaCha20 PRED=UNKNOWN (159.9s)
  ❌ tier3 ChaCha20_0004_pycryptodome.bin: GT=ChaCha20 PRED=AES-128 (148.5s)
  ❌ tier3 ChaCha20_0005_openssl.bin: GT=ChaCha20 PRED=AES-128 (159.4s)
  ❌ tier3 ChaCha20_0006_pycryptodome.bin: GT=ChaCha20 PRED=UNKNOWN (133.1s)
  ❌ tier3 ChaCha20_0007_pycryptodome.bin: GT=ChaCha20 PRED=AES-256 (100.5s)
  ❌ tier3 ChaCha20_0008_pycryptodome.bin: GT=ChaCha20 PRED=UNKNOWN (154.8s)
  ❌ tier3 ChaCha20_0009_pycryptodome.bin: GT=ChaCha20 PRED=AES-128 (142.1s)
  ❌ tier3 ChaCha20_0010_pycryptodome.bin: GT=ChaCha20 PRED=UNKNOWN (145.3s)
    ⏳ 429, retry in 11s (attempt 1/5)
    ⏳ 429, retry in 21s (attempt 2/5)
    ⏳ 429, retry in 41s (attempt 3/5)
    ⏳ 429, retry in 81s (attempt 4/5)
    ⏳ 429, retry in 120s (attempt 5/5)
  ❌ tier3 ChaCha20_0011_pycryptodome.bin: GT=ChaCha20 PRED=UNKNOWN (0.2s) ERROR:HTTP 429: Too Many Requests | {"error":"you (youssefhamdi329
    ⏳ 429, retry in 11s (attempt 1/5)
    ⏳ 429, retry in 21s (attempt 2/5)
    ⏳ 429, retry in 41s (attempt 3/5)
    ⏳ 429, retry in 81s (attempt 4/5)
    ⏳ 429, retry in 120s (attempt 5/5)
  ❌ tier3 ChaCha20_0012_openssl.bin: GT=ChaCha20 PRED=UNKNOWN (0.2s) ERROR:HTTP 429: Too Many Requests | {"error":"you (youssefhamdi329
    ⏳ 429, retry in 11s (attempt 1/5)
    ⏳ 429, retry in 21s (attempt 2/5)
    ⏳ 429, retry in 41s (attempt 3/5)
    ⏳ 429, retry in 81s (attempt 4/5)
    ⏳ 429, retry in 120s (attempt 5/5)
  ❌ tier3 ChaCha20_0013_pycryptodome.bin: GT=ChaCha20 PRED=UNKNOWN (0.2s) ERROR:HTTP 429: Too Many Requests | {"error":"you (youssefhamdi329
    ⏳ 429, retry in 11s (attempt 1/5)
    ⏳ 429, retry in 21s (attempt 2/5)
    ⏳ 429, retry in 41s (attempt 3/5)
    ⏳ 429, retry in 81s (attempt 4/5)
    ⏳ 429, retry in 120s (attempt 5/5)
  ❌ tier3 ChaCha20_0014_openssl.bin: GT=ChaCha20 PRED=UNKNOWN (0.2s) ERROR:HTTP 429: Too Many Requests | {"error":"you (youssefhamdi329
    ⏳ 429, retry in 11s (attempt 1/5)
    ⏳ 429, retry in 21s (attempt 2/5)
    ⏳ 429, retry in 41s (attempt 3/5)
    ⏳ 429, retry in 81s (attempt 4/5)
    ⏳ 429, retry in 120s (attempt 5/5)
  ❌ tier3 ChaCha20_0015_openssl.bin: GT=ChaCha20 PRED=UNKNOWN (0.3s) ERROR:HTTP 429: Too Many Requests | {"error":"you (youssefhamdi329
    ⏳ 429, retry in 11s (attempt 1/5)
    ⏳ 429, retry in 21s (attempt 2/5)
    ⏳ 429, retry in 41s (attempt 3/5)
    ⏳ 429, retry in 81s (attempt 4/5)
    ⏳ 429, retry in 120s (attempt 5/5)
  ❌ tier3 ChaCha20_0016_openssl.bin: GT=ChaCha20 PRED=UNKNOWN (0.2s) ERROR:HTTP 429: Too Many Requests | {"error":"you (youssefhamdi329
    ⏳ 429, retry in 11s (attempt 1/5)
    ⏳ 429, retry in 21s (attempt 2/5)
    ⏳ 429, retry in 41s (attempt 3/5)
    ⏳ 429, retry in 81s (attempt 4/5)
    ⏳ 429, retry in 120s (attempt 5/5)
  ❌ tier3 ChaCha20_0017_openssl.bin: GT=ChaCha20 PRED=UNKNOWN (0.2s) ERROR:HTTP 429: Too Many Requests | {"error":"you (youssefhamdi329
    ⏳ 429, retry in 11s (attempt 1/5)
    ⏳ 429, retry in 21s (attempt 2/5)
    ⏳ 429, retry in 41s (attempt 3/5)
    ⏳ 429, retry in 81s (attempt 4/5)
    ⏳ 429, retry in 120s (attempt 5/5)
  ❌ tier3 ChaCha20_0018_pycryptodome.bin: GT=ChaCha20 PRED=UNKNOWN (0.2s) ERROR:HTTP 429: Too Many Requests | {"error":"you (youssefhamdi329
    ⏳ 429, retry in 11s (attempt 1/5)
    ⏳ 429, retry in 21s (attempt 2/5)
    ⏳ 429, retry in 41s (attempt 3/5)
    ⏳ 429, retry in 81s (attempt 4/5)
    ⏳ 429, retry in 120s (attempt 5/5)
  ❌ tier3 ChaCha20_0019_openssl.bin: GT=ChaCha20 PRED=UNKNOWN (0.3s) ERROR:HTTP 429: Too Many Requests | {"error":"you (youssefhamdi329
    ⏳ 429, retry in 11s (attempt 1/5)
    ⏳ 429, retry in 21s (attempt 2/5)
    ⏳ 429, retry in 41s (attempt 3/5)
    ⏳ 429, retry in 81s (attempt 4/5)
    ⏳ 429, retry in 120s (attempt 5/5)
  ❌ tier3 ChaCha20_0020_openssl.bin: GT=ChaCha20 PRED=UNKNOWN (0.2s) ERROR:HTTP 429: Too Many Requests | {"error":"you (youssefhamdi329
    ⏳ 429, retry in 11s (attempt 1/5)
    ⏳ 429, retry in 21s (attempt 2/5)
    ⏳ 429, retry in 41s (attempt 3/5)
    ⏳ 429, retry in 81s (attempt 4/5)
    ⏳ 429, retry in 120s (attempt 5/5)
  ❌ tier3 DES_0001_pycryptodome.bin: GT=DES PRED=UNKNOWN (0.5s) ERROR:HTTP 429: Too Many Requests | {"error":"you (youssefhamdi329
    ⏳ 429, retry in 11s (attempt 1/5)
    ⏳ 429, retry in 21s (attempt 2/5)
    ⏳ 429, retry in 41s (attempt 3/5)
    ⏳ 429, retry in 81s (attempt 4/5)
    ⏳ 429, retry in 120s (attempt 5/5)
  ❌ tier3 DES_0002_openssl.bin: GT=DES PRED=UNKNOWN (0.2s) ERROR:HTTP 429: Too Many Requests | {"error":"you (youssefhamdi329
    ⏳ 429, retry in 11s (attempt 1/5)
    ⏳ 429, retry in 21s (attempt 2/5)
    ⏳ 429, retry in 41s (attempt 3/5)
    ⏳ 429, retry in 81s (attempt 4/5)
    ⏳ 429, retry in 120s (attempt 5/5)
  ❌ tier3 DES_0003_openssl.bin: GT=DES PRED=UNKNOWN (0.3s) ERROR:HTTP 429: Too Many Requests | {"error":"you (youssefhamdi329
    ⏳ 429, retry in 11s (attempt 1/5)
    ⏳ 429, retry in 21s (attempt 2/5)
    ⏳ 429, retry in 41s (attempt 3/5)
    ⏳ 429, retry in 81s (attempt 4/5)
    ⏳ 429, retry in 120s (attempt 5/5)
  ❌ tier3 DES_0004_openssl.bin: GT=DES PRED=UNKNOWN (0.2s) ERROR:HTTP 429: Too Many Requests | {"error":"you (youssefhamdi329
    ⏳ 429, retry in 11s (attempt 1/5)
    ⏳ 429, retry in 21s (attempt 2/5)
    ⏳ 429, retry in 41s (attempt 3/5)
    ⏳ 429, retry in 81s (attempt 4/5)
    ⏳ 429, retry in 120s (attempt 5/5)
  ❌ tier3 DES_0005_pycryptodome.bin: GT=DES PRED=UNKNOWN (0.3s) ERROR:HTTP 429: Too Many Requests | {"error":"you (youssefhamdi329
    ⏳ 429, retry in 11s (attempt 1/5)
    ⏳ 429, retry in 21s (attempt 2/5)
    ⏳ 429, retry in 41s (attempt 3/5)
    ⏳ 429, retry in 81s (attempt 4/5)
    ⏳ 429, retry in 120s (attempt 5/5)
  ❌ tier3 DES_0006_openssl.bin: GT=DES PRED=UNKNOWN (0.2s) ERROR:HTTP 429: Too Many Requests | {"error":"you (youssefhamdi329
    ⏳ 429, retry in 11s (attempt 1/5)
    ⏳ 429, retry in 21s (attempt 2/5)
    ⏳ 429, retry in 41s (attempt 3/5)
    ⏳ 429, retry in 81s (attempt 4/5)
    ⏳ 429, retry in 120s (attempt 5/5)
  ❌ tier3 DES_0007_openssl.bin: GT=DES PRED=UNKNOWN (0.2s) ERROR:HTTP 429: Too Many Requests | {"error":"you (youssefhamdi329
    ⏳ 429, retry in 11s (attempt 1/5)
    ⏳ 429, retry in 21s (attempt 2/5)
    ⏳ 429, retry in 41s (attempt 3/5)
    ⏳ 429, retry in 81s (attempt 4/5)
    ⏳ 429, retry in 120s (attempt 5/5)
  ❌ tier3 DES_0008_pycryptodome.bin: GT=DES PRED=UNKNOWN (0.2s) ERROR:HTTP 429: Too Many Requests | {"error":"you (youssefhamdi329
    ⏳ 429, retry in 11s (attempt 1/5)
    ⏳ 429, retry in 21s (attempt 2/5)
    ⏳ 429, retry in 41s (attempt 3/5)
    ⏳ 429, retry in 81s (attempt 4/5)
    ⏳ 429, retry in 120s (attempt 5/5)
  ❌ tier3 DES_0009_pycryptodome.bin: GT=DES PRED=UNKNOWN (0.2s) ERROR:HTTP 429: Too Many Requests | {"error":"you (youssefhamdi329
    ⏳ 429, retry in 11s (attempt 1/5)
    ⏳ 429, retry in 21s (attempt 2/5)
    ⏳ 429, retry in 41s (attempt 3/5)
    ⏳ 429, retry in 81s (attempt 4/5)
    ⏳ 429, retry in 120s (attempt 5/5)
  ❌ tier3 DES_0010_openssl.bin: GT=DES PRED=UNKNOWN (0.3s) ERROR:HTTP 429: Too Many Requests | {"error":"you (youssefhamdi329
    ⏳ 429, retry in 11s (attempt 1/5)
    ⏳ 429, retry in 21s (attempt 2/5)
    ⏳ 429, retry in 41s (attempt 3/5)
    ⏳ 429, retry in 81s (attempt 4/5)
    ⏳ 429, retry in 120s (attempt 5/5)
  ❌ tier3 DES_0011_openssl.bin: GT=DES PRED=UNKNOWN (0.2s) ERROR:HTTP 429: Too Many Requests | {"error":"you (youssefhamdi329
    ⏳ 429, retry in 11s (attempt 1/5)
    ⏳ 429, retry in 21s (attempt 2/5)
    ⏳ 429, retry in 41s (attempt 3/5)
    ⏳ 429, retry in 81s (attempt 4/5)
    ⏳ 429, retry in 120s (attempt 5/5)
  ❌ tier3 DES_0012_pycryptodome.bin: GT=DES PRED=UNKNOWN (0.2s) ERROR:HTTP 429: Too Many Requests | {"error":"you (youssefhamdi329
    ⏳ 429, retry in 11s (attempt 1/5)
    ⏳ 429, retry in 21s (attempt 2/5)
    ⏳ 429, retry in 41s (attempt 3/5)
    ⏳ 429, retry in 81s (attempt 4/5)
    ⏳ 429, retry in 120s (attempt 5/5)
  ❌ tier3 DES_0013_pycryptodome.bin: GT=DES PRED=UNKNOWN (0.2s) ERROR:HTTP 429: Too Many Requests | {"error":"you (youssefhamdi329
    ⏳ 429, retry in 11s (attempt 1/5)
    ⏳ 429, retry in 21s (attempt 2/5)
    ⏳ 429, retry in 41s (attempt 3/5)
    ⏳ 429, retry in 81s (attempt 4/5)
    ⏳ 429, retry in 120s (attempt 5/5)
  ❌ tier3 DES_0014_pycryptodome.bin: GT=DES PRED=UNKNOWN (0.3s) ERROR:HTTP 429: Too Many Requests | {"error":"you (youssefhamdi329
    ⏳ 429, retry in 11s (attempt 1/5)
    ⏳ 429, retry in 21s (attempt 2/5)
    ⏳ 429, retry in 41s (attempt 3/5)
    ⏳ 429, retry in 81s (attempt 4/5)
    ⏳ 429, retry in 120s (attempt 5/5)
  ❌ tier3 DES_0015_openssl.bin: GT=DES PRED=UNKNOWN (0.3s) ERROR:HTTP 429: Too Many Requests | {"error":"you (youssefhamdi329
    ⏳ 429, retry in 11s (attempt 1/5)
    ⏳ 429, retry in 21s (attempt 2/5)
    ⏳ 429, retry in 41s (attempt 3/5)
    ⏳ 429, retry in 81s (attempt 4/5)
    ⏳ 429, retry in 120s (attempt 5/5)
  ❌ tier3 DES_0016_pycryptodome.bin: GT=DES PRED=UNKNOWN (0.2s) ERROR:HTTP 429: Too Many Requests | {"error":"you (youssefhamdi329
    ⏳ 429, retry in 11s (attempt 1/5)
    ⏳ 429, retry in 21s (attempt 2/5)
    ⏳ 429, retry in 41s (attempt 3/5)
    ⏳ 429, retry in 81s (attempt 4/5)
    ⏳ 429, retry in 120s (attempt 5/5)
  ❌ tier3 DES_0017_openssl.bin: GT=DES PRED=UNKNOWN (0.4s) ERROR:HTTP 429: Too Many Requests | {"error":"you (youssefhamdi329
    ⏳ 429, retry in 11s (attempt 1/5)
    ⏳ 429, retry in 21s (attempt 2/5)
    ⏳ 429, retry in 41s (attempt 3/5)
    ⏳ 429, retry in 81s (attempt 4/5)
    ⏳ 429, retry in 120s (attempt 5/5)
  ❌ tier3 DES_0018_pycryptodome.bin: GT=DES PRED=UNKNOWN (0.2s) ERROR:HTTP 429: Too Many Requests | {"error":"you (youssefhamdi329
    ⏳ 429, retry in 11s (attempt 1/5)
    ⏳ 429, retry in 21s (attempt 2/5)
    ⏳ 429, retry in 41s (attempt 3/5)
    ⏳ 429, retry in 81s (attempt 4/5)
    ⏳ 429, retry in 120s (attempt 5/5)
  ❌ tier3 DES_0019_openssl.bin: GT=DES PRED=UNKNOWN (0.2s) ERROR:HTTP 429: Too Many Requests | {"error":"you (youssefhamdi329
    ⏳ 429, retry in 11s (attempt 1/5)
    ⏳ 429, retry in 21s (attempt 2/5)
    ⏳ 429, retry in 41s (attempt 3/5)
    ⏳ 429, retry in 81s (attempt 4/5)
    ⏳ 429, retry in 120s (attempt 5/5)
  ❌ tier3 DES_0020_pycryptodome.bin: GT=DES PRED=UNKNOWN (0.2s) ERROR:HTTP 429: Too Many Requests | {"error":"you (youssefhamdi329
    ⏳ 429, retry in 11s (attempt 1/5)
    ⏳ 429, retry in 21s (attempt 2/5)
    ⏳ 429, retry in 41s (attempt 3/5)
    ⏳ 429, retry in 81s (attempt 4/5)
    ⏳ 429, retry in 120s (attempt 5/5)
  ❌ tier3 ML-KEM-768_0001_openssl.bin: GT=ML-KEM-768 PRED=UNKNOWN (0.2s) ERROR:HTTP 429: Too Many Requests | {"error":"you (youssefhamdi329
    ⏳ 429, retry in 11s (attempt 1/5)
    ⏳ 429, retry in 21s (attempt 2/5)
    ⏳ 429, retry in 41s (attempt 3/5)
    ⏳ 429, retry in 81s (attempt 4/5)
    ⏳ 429, retry in 120s (attempt 5/5)
  ❌ tier3 ML-KEM-768_0002_openssl.bin: GT=ML-KEM-768 PRED=UNKNOWN (0.2s) ERROR:HTTP 429: Too Many Requests | {"error":"you (youssefhamdi329
    ⏳ 429, retry in 11s (attempt 1/5)
    ⏳ 429, retry in 21s (attempt 2/5)
    ⏳ 429, retry in 41s (attempt 3/5)
    ⏳ 429, retry in 81s (attempt 4/5)
    ⏳ 429, retry in 120s (attempt 5/5)
  ❌ tier3 ML-KEM-768_0003_openssl.bin: GT=ML-KEM-768 PRED=UNKNOWN (0.2s) ERROR:HTTP 429: Too Many Requests | {"error":"you (youssefhamdi329
    ⏳ 429, retry in 11s (attempt 1/5)
    ⏳ 429, retry in 21s (attempt 2/5)
    ⏳ 429, retry in 41s (attempt 3/5)
    ⏳ 429, retry in 81s (attempt 4/5)
    ⏳ 429, retry in 120s (attempt 5/5)
  ❌ tier3 ML-KEM-768_0004_openssl.bin: GT=ML-KEM-768 PRED=UNKNOWN (0.2s) ERROR:HTTP 429: Too Many Requests | {"error":"you (youssefhamdi329
    ⏳ 429, retry in 11s (attempt 1/5)
    ⏳ 429, retry in 21s (attempt 2/5)
    ⏳ 429, retry in 41s (attempt 3/5)
    ⏳ 429, retry in 81s (attempt 4/5)
    ⏳ 429, retry in 120s (attempt 5/5)
  ❌ tier3 ML-KEM-768_0005_openssl.bin: GT=ML-KEM-768 PRED=UNKNOWN (0.2s) ERROR:HTTP 429: Too Many Requests | {"error":"you (youssefhamdi329
    ⏳ 429, retry in 11s (attempt 1/5)
    ⏳ 429, retry in 21s (attempt 2/5)
    ⏳ 429, retry in 41s (attempt 3/5)
    ⏳ 429, retry in 81s (attempt 4/5)
    ⏳ 429, retry in 120s (attempt 5/5)
  ❌ tier3 ML-KEM-768_0006_openssl.bin: GT=ML-KEM-768 PRED=UNKNOWN (0.2s) ERROR:HTTP 429: Too Many Requests | {"error":"you (youssefhamdi329
    ⏳ 429, retry in 11s (attempt 1/5)
    ⏳ 429, retry in 21s (attempt 2/5)
    ⏳ 429, retry in 41s (attempt 3/5)
    ⏳ 429, retry in 81s (attempt 4/5)
    ⏳ 429, retry in 120s (attempt 5/5)
  ❌ tier3 ML-KEM-768_0007_openssl.bin: GT=ML-KEM-768 PRED=UNKNOWN (0.2s) ERROR:HTTP 429: Too Many Requests | {"error":"you (youssefhamdi329
    ⏳ 429, retry in 11s (attempt 1/5)
    ⏳ 429, retry in 21s (attempt 2/5)
    ⏳ 429, retry in 41s (attempt 3/5)
    ⏳ 429, retry in 81s (attempt 4/5)
    ⏳ 429, retry in 120s (attempt 5/5)
  ❌ tier3 ML-KEM-768_0008_openssl.bin: GT=ML-KEM-768 PRED=UNKNOWN (0.2s) ERROR:HTTP 429: Too Many Requests | {"error":"you (youssefhamdi329
    ⏳ 429, retry in 11s (attempt 1/5)
    ⏳ 429, retry in 21s (attempt 2/5)
    ⏳ 429, retry in 41s (attempt 3/5)
    ⏳ 429, retry in 81s (attempt 4/5)
    ⏳ 429, retry in 120s (attempt 5/5)
  ❌ tier3 ML-KEM-768_0009_openssl.bin: GT=ML-KEM-768 PRED=UNKNOWN (0.2s) ERROR:HTTP 429: Too Many Requests | {"error":"you (youssefhamdi329
    ⏳ 429, retry in 11s (attempt 1/5)
    ⏳ 429, retry in 21s (attempt 2/5)
    ⏳ 429, retry in 41s (attempt 3/5)
    ⏳ 429, retry in 81s (attempt 4/5)
    ⏳ 429, retry in 120s (attempt 5/5)
  ❌ tier3 ML-KEM-768_0010_openssl.bin: GT=ML-KEM-768 PRED=UNKNOWN (0.3s) ERROR:HTTP 429: Too Many Requests | {"error":"you (youssefhamdi329
    ⏳ 429, retry in 11s (attempt 1/5)
    ⏳ 429, retry in 21s (attempt 2/5)
    ⏳ 429, retry in 41s (attempt 3/5)
    ⏳ 429, retry in 81s (attempt 4/5)
    ⏳ 429, retry in 120s (attempt 5/5)
  ❌ tier3 ML-KEM-768_0011_openssl.bin: GT=ML-KEM-768 PRED=UNKNOWN (0.2s) ERROR:HTTP 429: Too Many Requests | {"error":"you (youssefhamdi329
    ⏳ 429, retry in 11s (attempt 1/5)
    ⏳ 429, retry in 21s (attempt 2/5)
    ⏳ 429, retry in 41s (attempt 3/5)
    ⏳ 429, retry in 81s (attempt 4/5)
    ⏳ 429, retry in 120s (attempt 5/5)
  ❌ tier3 ML-KEM-768_0012_openssl.bin: GT=ML-KEM-768 PRED=UNKNOWN (0.2s) ERROR:HTTP 429: Too Many Requests | {"error":"you (youssefhamdi329
    ⏳ 429, retry in 11s (attempt 1/5)
    ⏳ 429, retry in 21s (attempt 2/5)
    ⏳ 429, retry in 41s (attempt 3/5)
    ⏳ 429, retry in 81s (attempt 4/5)
    ⏳ 429, retry in 120s (attempt 5/5)
  ❌ tier3 ML-KEM-768_0013_openssl.bin: GT=ML-KEM-768 PRED=UNKNOWN (0.2s) ERROR:HTTP 429: Too Many Requests | {"error":"you (youssefhamdi329
    ⏳ 429, retry in 11s (attempt 1/5)
    ⏳ 429, retry in 21s (attempt 2/5)
    ⏳ 429, retry in 41s (attempt 3/5)
    ⏳ 429, retry in 81s (attempt 4/5)
    ⏳ 429, retry in 120s (attempt 5/5)
  ❌ tier3 ML-KEM-768_0014_openssl.bin: GT=ML-KEM-768 PRED=UNKNOWN (0.2s) ERROR:HTTP 429: Too Many Requests | {"error":"you (youssefhamdi329
    ⏳ 429, retry in 11s (attempt 1/5)
    ⏳ 429, retry in 21s (attempt 2/5)
    ⏳ 429, retry in 41s (attempt 3/5)
    ⏳ 429, retry in 81s (attempt 4/5)
    ⏳ 429, retry in 120s (attempt 5/5)
  ❌ tier3 ML-KEM-768_0015_openssl.bin: GT=ML-KEM-768 PRED=UNKNOWN (0.3s) ERROR:HTTP 429: Too Many Requests | {"error":"you (youssefhamdi329
    ⏳ 429, retry in 11s (attempt 1/5)
    ⏳ 429, retry in 21s (attempt 2/5)
    ⏳ 429, retry in 41s (attempt 3/5)
    ⏳ 429, retry in 81s (attempt 4/5)
    ⏳ 429, retry in 120s (attempt 5/5)
  ❌ tier3 ML-KEM-768_0016_openssl.bin: GT=ML-KEM-768 PRED=UNKNOWN (0.2s) ERROR:HTTP 429: Too Many Requests | {"error":"you (youssefhamdi329
    ⏳ 429, retry in 11s (attempt 1/5)
    ⏳ 429, retry in 21s (attempt 2/5)
    ⏳ 429, retry in 41s (attempt 3/5)
    ⏳ 429, retry in 81s (attempt 4/5)
    ⏳ 429, retry in 120s (attempt 5/5)
