[owl-alpha T4A+T5] Checkpoint: 243 results in owl_alpha_t4a_t5_v2_final.jsonl
  ❌ tier5 ML-KEM-768_0004_openssl.bin: GT=ML-KEM-768 PRED=AES-256 (20.5s)
  ✅ tier5 ML-KEM-768_0005_openssl.bin: GT=ML-KEM-768 PRED=ML-KEM-768 (21.5s)
  ✅ tier5 ML-KEM-768_0006_openssl.bin: GT=ML-KEM-768 PRED=ML-KEM-768 (24.4s)
  ✅ tier5 ML-KEM-768_0007_openssl.bin: GT=ML-KEM-768 PRED=ML-KEM-768 (36.7s)
  ✅ tier5 ML-KEM-768_0008_openssl.bin: GT=ML-KEM-768 PRED=ML-KEM-768 (31.6s)
  ✅ tier5 ML-KEM-768_0009_openssl.bin: GT=ML-KEM-768 PRED=ML-KEM-768 (41.8s)
  ❌ tier5 ML-KEM-768_0010_openssl.bin: GT=ML-KEM-768 PRED=AES-256 (23.4s)
  ❌ tier5 ML-KEM-768_0011_openssl.bin: GT=ML-KEM-768 PRED=AES-256 (33.9s)
  ✅ tier5 ML-KEM-768_0012_openssl.bin: GT=ML-KEM-768 PRED=ML-KEM-768 (24.4s)
  ✅ tier5 ML-KEM-768_0013_openssl.bin: GT=ML-KEM-768 PRED=ML-KEM-768 (52.6s)
  ✅ tier5 ML-KEM-768_0014_openssl.bin: GT=ML-KEM-768 PRED=ML-KEM-768 (29.4s)
  ✅ tier5 ML-KEM-768_0015_openssl.bin: GT=ML-KEM-768 PRED=ML-KEM-768 (35.9s)
  ✅ tier5 ML-KEM-768_0016_openssl.bin: GT=ML-KEM-768 PRED=ML-KEM-768 (30.0s)
  ✅ tier5 ML-KEM-768_0017_openssl.bin: GT=ML-KEM-768 PRED=ML-KEM-768 (33.4s)
  ✅ tier5 ML-KEM-768_0018_openssl.bin: GT=ML-KEM-768 PRED=ML-KEM-768 (25.4s)
  ✅ tier5 ML-KEM-768_0019_openssl.bin: GT=ML-KEM-768 PRED=ML-KEM-768 (46.4s)
  ✅ tier5 ML-KEM-768_0020_openssl.bin: GT=ML-KEM-768 PRED=ML-KEM-768 (45.9s)
  ✅ tier5 RSA-2048_0001_pycryptodome.bin: GT=RSA-2048 PRED=RSA-2048 (27.2s)
  ❌ tier5 RSA-2048_0002_pycryptodome.bin: GT=RSA-2048 PRED=AES-128 (49.5s)
  ❌ tier5 RSA-2048_0003_openssl.bin: GT=RSA-2048 PRED=AES-128 (34.8s)
  ✅ tier5 RSA-2048_0004_openssl.bin: GT=RSA-2048 PRED=RSA-2048 (31.5s)
  ❌ tier5 RSA-2048_0005_pycryptodome.bin: GT=RSA-2048 PRED=AES-128 (35.7s)
  ❌ tier5 RSA-2048_0006_pycryptodome.bin: GT=RSA-2048 PRED=AES-128 (29.3s)
  ✅ tier5 RSA-2048_0007_pycryptodome.bin: GT=RSA-2048 PRED=RSA-2048 (52.3s)
  ✅ tier5 RSA-2048_0008_openssl.bin: GT=RSA-2048 PRED=RSA-2048 (32.2s)
  ❌ tier5 RSA-2048_0009_openssl.bin: GT=RSA-2048 PRED=AES-128 (48.2s)
  ❌ tier5 RSA-2048_0010_pycryptodome.bin: GT=RSA-2048 PRED=AES-128 (35.7s)
  ❌ tier5 RSA-2048_0011_pycryptodome.bin: GT=RSA-2048 PRED=AES-128 (38.6s)
  ❌ tier5 RSA-2048_0012_openssl.bin: GT=RSA-2048 PRED=ChaCha20 (77.7s)
  ✅ tier5 RSA-2048_0013_pycryptodome.bin: GT=RSA-2048 PRED=RSA-2048 (36.8s)
  ❌ tier5 RSA-2048_0014_pycryptodome.bin: GT=RSA-2048 PRED=AES-128 (34.4s)
  ❌ tier5 RSA-2048_0015_pycryptodome.bin: GT=RSA-2048 PRED=AES-128 (39.8s)
  ❌ tier5 RSA-2048_0016_openssl.bin: GT=RSA-2048 PRED=DES (27.6s)
  ✅ tier5 RSA-2048_0017_openssl.bin: GT=RSA-2048 PRED=RSA-2048 (102.9s)
  ❌ tier5 RSA-2048_0018_openssl.bin: GT=RSA-2048 PRED=AES-128 (42.7s)
  ✅ tier5 RSA-2048_0019_openssl.bin: GT=RSA-2048 PRED=RSA-2048 (35.3s)
  ❌ tier5 RSA-2048_0020_openssl.bin: GT=RSA-2048 PRED=AES-128 (52.6s)

[owl-alpha T4A+T5] COMPLETE: 37 calls in 1534s | skipped=243 errors=0
   Shard: /home/elaref/.gidaai/workspaces/default/upgrade/acts_v2_poc/stage2_execution/results/owl_alpha_t4a_t5_v2_final.jsonl
